
> task@1.0.0 dev
> nodemon src/server.js

[33m[nodemon] 3.1.14[39m
[33m[nodemon] to restart at any time, enter `rs`[39m
[33m[nodemon] watching path(s): *.*[39m
[33m[nodemon] watching extensions: js,mjs,cjs,json[39m
[32m[nodemon] starting `node src/server.js`[39m
◇ injected env (7) from .env // tip: ⌘ override existing { override: true }
◇ injected env (0) from .env // tip: ◈ encrypted .env [www.dotenvx.com]
◇ injected env (0) from .env // tip: ◈ secrets for agents [www.dotenvx.com]
MONGODB_URI: mongodb+srv://ahsaankhandev_db_user:d2DLCcQVzi1psEfE@cluster0.izcy1n1.mongodb.net
PORT: 5000
DBConnect - MONGODB_URI: mongodb+srv://ahsaankhandev_db_user:d2DLCcQVzi1psEfE@cluster0.izcy1n1.mongodb.net
Connected to MongoDB
Server is running on port 5000
Error refreshing token: TypeError: Cannot read properties of undefined (reading 'accessToken')
    at RefreshToken (file:///home/muhammad-ahsaan/my%20work/next%20JS/task/Backend/src/Controllers/user.controller.js:121:51)
    at process.processTicksAndRejections (node:internal/process/task_queues:104:5)
Error refreshing token: TypeError: Cannot read properties of undefined (reading 'accessToken')
    at RefreshToken (file:///home/muhammad-ahsaan/my%20work/next%20JS/task/Backend/src/Controllers/user.controller.js:121:51)
    at process.processTicksAndRejections (node:internal/process/task_queues:104:5)
[32m[nodemon] restarting due to changes...[39m
[32m[nodemon] starting `node src/server.js`[39m
◇ injected env (7) from .env // tip: ⌘ custom filepath { path: '/custom/path/.env' }
◇ injected env (0) from .env // tip: ◈ encrypted .env [www.dotenvx.com]
◇ injected env (0) from .env // tip: ◈ encrypted .env [www.dotenvx.com]
MONGODB_URI: mongodb+srv://ahsaankhandev_db_user:d2DLCcQVzi1psEfE@cluster0.izcy1n1.mongodb.net
PORT: 5000
DBConnect - MONGODB_URI: mongodb+srv://ahsaankhandev_db_user:d2DLCcQVzi1psEfE@cluster0.izcy1n1.mongodb.net
Connected to MongoDB
Server is running on port 5000
